// Jest Snapshot v1, https://goo.gl/fbAQLP

exports[`creating controller state snapshot using snapshot testing 1`] = `
<DocumentFragment>
  <div
    class="ui container vertically padded two column grid"
  >
    <div
      class="center aligned column"
    >
      <div
        class="display panel"
      >
        <div
          class="led green-led"
        >
          Unlocked
        </div>
        <div
          class="led green-led"
        >
          Open
        </div>
      </div>
      <div
        class="controls panel"
      >
        <button
          class="toggle-btn"
          data-testid="toggle-lock-gate"
          disabled=""
        >
          Lock Gate
        </button>
        <button
          class="toggle-btn"
          data-testid="toggle-close-gate"
        >
          Close Gate
        </button>
      </div>
    </div>
    <div
      class="column"
    >
      <div>
        <div
          class="ui card"
        >
          <div
            class="content"
          >
            <div
              class="ui two column grid"
            >
              <div
                class="middle aligned row"
              >
                <div
                  class="column"
                >
                  <div
                    class="header"
                  >
                    UserProfile
                  </div>
                </div>
                <div
                  class="right aligned column"
                >
                  <button
                    class="ui button"
                    small="tiny"
                  >
                    Get Profile
                  </button>
                </div>
              </div>
            </div>
          </div>
          <div
            class="content"
          />
        </div>
      </div>
    </div>
  </div>
</DocumentFragment>
`;
