// Jest Snapshot v1, https://goo.gl/fbAQLP

exports[`creating controller state snapshot using snapshot testing 1`] = `
<DocumentFragment>
  <div
    class="controls panel"
  >
    <button
      class="toggle-btn"
      data-testid="toggle-lock-gate"
      disabled=""
    >
      Lock Gate
    </button>
    <button
      class="toggle-btn"
      data-testid="toggle-close-gate"
    >
      Close Gate
    </button>
  </div>
</DocumentFragment>
`;
